    Updating crates.io index
     Locking 475 packages to highest compatible versions
      Adding base64 v0.22.1 (available: v0.23.1)
      Adding generic-array v0.14.7 (available: v0.14.9)
      Adding sha2 v0.10.9 (available: v0.11.0)
      Adding toml v0.8.2 (available: v0.8.23)
      Adding toml_datetime v0.6.3 (available: v0.6.11)
      Adding toml_edit v0.20.2 (available: v0.20.7)
      Adding zip v2.4.2 (available: v8.6.0)
 Downloading crates ...
  Downloaded equivalent v1.0.2
  Downloaded mio v1.2.4
  Downloaded thiserror-impl v2.0.21
  Downloaded pulldown-cmark-escape v0.11.0
  Downloaded simd-adler32 v0.3.10
  Downloaded version_check v0.9.5
  Downloaded crc32fast v1.5.2
  Downloaded typenum v1.20.1
  Downloaded digest v0.10.7
  Downloaded log v0.4.34
  Downloaded adler2 v2.0.1
  Downloaded indexmap v2.14.2
  Downloaded anyhow v1.0.104
  Downloaded tokio-macros v2.7.2
  Downloaded base64 v0.22.1
  Downloaded generic-array v0.14.7
  Downloaded hex v0.4.3
  Downloaded thiserror v2.0.21
  Downloaded crypto-common v0.1.7
  Downloaded unicase v2.10.0
  Downloaded notify-types v2.1.0
  Downloaded cpufeatures v0.2.17
  Downloaded cfg-if v1.0.5
  Downloaded inotify v0.11.5
  Downloaded inotify-sys v0.1.8
  Downloaded displaydoc v0.2.7
  Downloaded notify v8.2.0
  Downloaded block-buffer v0.10.4
  Downloaded itoa v1.0.18
  Downloaded pin-project-lite v0.2.17
  Downloaded same-file v1.0.6
  Downloaded bitflags v2.13.2
  Downloaded sha2 v0.10.9
  Downloaded quote v1.0.47
  Downloaded proc-macro2 v1.0.107
  Downloaded miniz_oxide v0.9.1
  Downloaded unicode-ident v1.0.26
  Downloaded walkdir v2.5.0
  Downloaded zmij v1.0.23
  Downloaded serde v1.0.229
  Downloaded serde_core v1.0.229
  Downloaded serde_derive v1.0.229
  Downloaded zopfli v0.8.3
  Downloaded flate2 v1.1.10
  Downloaded zip v2.4.2
  Downloaded bumpalo v3.20.3
  Downloaded serde_json v1.0.151
  Downloaded memchr v2.8.3
  Downloaded hashbrown v0.17.1
  Downloaded pulldown-cmark v0.13.4
  Downloaded zlib-rs v0.6.8
  Downloaded syn v3.0.6
  Downloaded libc v0.2.190
  Downloaded tokio v1.53.2
   Compiling proc-macro2 v1.0.107
   Compiling unicode-ident v1.0.26
   Compiling quote v1.0.47
   Compiling version_check v0.9.5
   Compiling libc v0.2.190
   Compiling generic-array v0.14.7
   Compiling typenum v1.20.1
   Compiling crc32fast v1.5.2
   Compiling cfg-if v1.0.5
   Compiling log v0.4.34
   Compiling inotify-sys v0.1.8
   Compiling serde_core v1.0.229
   Compiling bitflags v2.13.2
   Compiling simd-adler32 v0.3.10
   Compiling syn v3.0.6
   Compiling thiserror v2.0.21
   Compiling hashbrown v0.17.1
   Compiling memchr v2.8.3
   Compiling equivalent v1.0.2
   Compiling adler2 v2.0.1
   Compiling zmij v1.0.23
   Compiling miniz_oxide v0.9.1
   Compiling indexmap v2.14.2
   Compiling block-buffer v0.10.4
   Compiling crypto-common v0.1.7
   Compiling pulldown-cmark v0.13.4
   Compiling bumpalo v3.20.3
   Compiling thiserror-impl v2.0.21
   Compiling same-file v1.0.6
   Compiling anyhow v1.0.104
   Compiling zip v2.4.2
   Compiling serde v1.0.229
   Compiling serde_json v1.0.151
   Compiling walkdir v2.5.0
   Compiling tokio-macros v2.7.2
   Compiling serde_derive v1.0.229
   Compiling displaydoc v0.2.7
   Compiling zopfli v0.8.3
   Compiling digest v0.10.7
   Compiling inotify v0.11.5
   Compiling flate2 v1.1.10
   Compiling notify-types v2.1.0
   Compiling mio v1.2.4
   Compiling pin-project-lite v0.2.17
   Compiling pulldown-cmark-escape v0.11.0
   Compiling cpufeatures v0.2.17
   Compiling itoa v1.0.18
   Compiling unicase v2.10.0
   Compiling sha2 v0.10.9
   Compiling notify v8.2.0
   Compiling tokio v1.53.2
   Compiling base64 v0.22.1
   Compiling hex v0.4.3
   Compiling modlib-core v0.5.0 (/home/runner/work/ML-GPT-C-Test/ML-GPT-C-Test/desktop/core)
    Finished `release` profile [optimized] target(s) in 46.48s
