PASS the first start asks where the library goes :: ('Where should your library go?', 'My Models', True, 'My Models · /home/runner/work/_temp/pagehome/My Models\nReady')
PASS the menu's places open :: (['Home', 'Import', 'All models', 'Unsorted', 'Starred', 'Duplicates', 'Settings'], 'Unsorted', 'Unsorted')
PASS a category (schema) is made from the menu, with its subcategory tree :: ('Wargames / Warhammer 40k / Tyranid / Model name (Author)', 'CATEGORIES', 'New category', {'created': '2026-10-08T13:38:59Z', 'fields': [{'choices': ['28mm', '32mm'], 'key': 'scale', 'label': 'Scale', 'type': 'choice'}], 'folder': 'Wargames', 'format': 1, 'id': 'wargames', 'model_folder': '{name} ({author})', 'name': 'Wargames', 'subcategories': [{'name': 'Terrain'}, {'name': 'Warhammer 40k', 'subcategories': [{'name': 'Space Marines'}, {'name': 'Tyranid'}]}]})
PASS model folders are listed under their categories :: (['Wargames3', 'Terrain0', 'Warhammer 40k3'], '2 models', ['Carnifex', 'Hive Tyrant'], 'Wargames › Warhammer 40k › Tyranid')
PASS search finds models by words and filters :: (['1 model', '2 models', '1 model', '1 model'], True)
PASS a model shows its details, parts and cover :: (['Arms/left.stl', 'Arms/right.stl', '_media/cover.png', 'body.stl', 'readme.pdf'], 'Jo Smith', True)
PASS details are saved to model.json :: {'added': '2026-10-08T13:39:03Z', 'authors': [{'name': 'Jo Smith'}], 'fields': {'scale': '32mm'}, 'format': 1, 'id': 'm1a11bbd2711a6110370', 'name': 'Hive Tyrant', 'path': ['Warhammer 40k', 'Tyranid'], 'schema': 'wargames', 'source': {'url': 'https://example.com/tyrant'}, 'tags': ['monster', 'big'], 'updated': '2026-10-08T13:39:03Z'}
PASS filters find edited details; a star lasts :: (['1 model', '1 model'], ['m1a11bbd2a208ed74547'], '1 model')
PASS a messy folder is read as it is, with models proposed, warnings, and a model.json's place used :: (['Armour Set', 'Copy of Captain', 'Hive Guard', 'Tyrant Prime', 'benchy', 'dragon'], 1, 1, '\tTyrant Prime \nSTL\n\tDownloads\t1\t7 B\t→ Wargames › Warhammer 40k › Tyranid')
PASS importing moves models into their category folders :: ('5 models moved in', [True, True, True, True, True], ['Copy of Captain', 'readme.txt'], {'added': '2026-10-08T13:39:06Z', 'authors': [{'name': 'Jo Smith'}], 'format': 1, 'id': 'm1a11bbd340049b60b42', 'imported_from': '/home/runner/work/_temp/pagehome/Downloads/Hive Guard (Jo Smith)', 'name': 'Hive Guard', 'path': ['Warhammer 40k', 'Tyranid'], 'schema': 'wargames', 'updated': '2026-10-08T13:39:06Z'})
PASS a model folder is copied in, the original kept :: 1 model copied in
PASS models move to a category, one or several at once :: (True, ['Gargoyle', 'benchy', 'dragon'], '1 model')
PASS a loose folder in the library is sorted from Home :: ('1 model moved in', True, '11 models, 1 unsorted')
PASS a preview is drawn on import (a picture of the model is still its cover) :: (True, '/library/Unsorted/Knight%20Armour/photo.png')
PASS a model opens on its own page with a 3D view, parts and variants :: ('20.0 × 20.0 × 20.0 mm · 12 triangles', 'Presupported/Helmet/helmet.stl', ['Presupported*', 'Unsupported', 'All'], ['Presupported', 'Presupported/Arms', 'Presupported/Helmet'])
PASS the variant switch shows that variant's parts :: ['Unsupported', 'Unsupported/Helmet']
PASS variant folder names are set in Settings and kept in the library :: (['Presupported', 'Supported', 'Unsupported', 'No supports', 'Sized', 'Split', 'FDM', 'Resin'], ['Presupported', 'Supported', 'Unsupported', 'No supports', 'Sized', 'Split', 'Resin', 'fdm'], ['Presupported', 'FDM', 'Resin 32mm', 'Unsupported', 'All'])
PASS a ZIP's parts are listed and shown without unzipping :: ['Extras/shield.stl']
PASS a view or a picture becomes the cover; readmes show without scripts :: ('_media/cover.png', 'photo.png', '<h1>Knight Armour</h1>\n<p>Print at <strong>0.12 mm</strong>.</p>\n&lt;script&gt;window.__pwned = 1&lt;/script&gt;\n<p><a href="https://example.com">site</a> <a href="">bad</a></p>\n', 0)
PASS a model's file panel has shared folders, list and type views :: (['_media/cover.png', 'extras.zip', 'FDM/fdm.stl', 'photo.png', 'Presupported/Arms/arm.stl', 'Presupported/Helmet/helmet.stl', 'README.md', 'Resin 32mm/resin.stl', 'Unsupported/Helmet/helmet.stl'], ['FDM/fdm.stl', 'Presupported/Arms/arm.stl', 'Presupported/Helmet/helmet.stl', 'README.md', 'Resin 32mm/resin.stl', 'Unsupported/Helmet/helmet.stl', '_media/cover.png', 'extras.zip', 'photo.png'], ['model', 'image', 'doc', 'archive'], 'type')
PASS library files are served in ranges :: (206, b'Knight', 'bytes 2-7/132')
PASS Make previews draws the missing ones, shown on the card :: ("Made 1 preview; 7 couldn't be drawn.", '/library/Unsorted/Hand%20Made/_thumbs/model.png')
PASS renaming a subcategory moves its folders, after a preview :: ('6 model folders move. It can be undone.\n\nWargames/Warhammer 40k/Tyranid/Armour Set → Wargames/Warhammer 40k/Tyranids/Armour Set\nWargames/Warhammer 40k/Tyranid/Carnifex (Al Jones) → Wargames/Warhammer 40k/Tyranids/Carnifex (Al Jones)\nWargames/Warhammer 40k/Tyranid/Hive Guard (Jo Smith) → Wargames/Warhammer 40k/Tyranids/Hive Guard (Jo Smith)\nWargames/Warhammer 40k/Tyranid/Hive Tyrant (Jo Smith) → Wargames/Warhammer 40k/Tyranids/Hive Tyrant (Jo Smith)\nWargames/Warhammer 40k/Tyranid/Lictor → Wargames/Warhammer 40k/Tyranids/Lictor\nWargames/Warhammer 40k/Tyranid/Tyrant Prime → Wargames/Warhammer 40k/Tyranids/Tyrant Prime', ['Armour Set', 'Carnifex (Al Jones)', 'Hive Guard (Jo Smith)', 'Hive Tyrant (Jo Smith)', 'Lictor', 'Tyrant Prime'], ['Armour Set', 'Carnifex (Al Jones)', 'Hive Guard (Jo Smith)', 'Hive Tyrant (Jo Smith)', 'Lictor', 'Tyrant Prime'], '6 models')
PASS the rename is undone from Home :: ['Warhammer 40k', 'Tyranid']
PASS a subcategory renamed to one that exists merges into it :: ['Armour Set', 'Carnifex (Al Jones)', 'Gargoyle', 'Hive Guard (Jo Smith)', 'Hive Tyrant (Jo Smith)', 'Lictor', 'Tyrant Prime', 'benchy', 'dragon']
PASS the category's tree is edited: new branches of any depth, and a moved subcategory and new top folder move its models :: (True, ['Board games', 'Terrain', 'Warhammer 40k'], '10', True, [{'name': 'Board games'}, {'name': 'Space Marines'}, {'name': 'Terrain', 'subcategories': [{'name': 'Buildings', 'subcategories': [{'name': 'Ruins'}]}]}, {'name': 'Warhammer 40k', 'subcategories': [{'name': 'Tyranid'}]}])
PASS subcategories are added at any depth, kept with no models, and deleted with Undo :: (True, True, True, ['Aeldari', 'Orks', 'Tyranid'], ['Add subcategory…', 'Edit category…', 'Rename or move…', 'Delete subcategory'])
PASS a subcategory with models is deleted after a list of what moves up, and Ctrl+Z puts it back :: (True, True, True)
PASS several models' details are edited at once :: [{'added': '2026-10-08T13:39:10Z', 'format': 1, 'id': 'm1a11bbd40ca74dc8673', 'imported_from': '/home/runner/work/_temp/pagehome/Elsewhere/Gargoyle', 'license': 'CC-BY', 'name': 'Gargoyle', 'path': ['Warhammer 40k', 'Tyranid'], 'schema': 'wargames', 'tags': ['painted', 'display'], 'updated': '2026-10-08T13:39:25Z'}, {'added': '2026-10-08T13:39:06Z', 'format': 1, 'id': 'm1a11bbd34119fc6de20', 'imported_from': '/home/runner/work/_temp/pagehome/Downloads/dragon.zip', 'license': 'CC-BY', 'name': 'dragon', 'path': ['Warhammer 40k', 'Tyranid'], 'schema': 'wargames', 'tags': ['painted', 'display'], 'updated': '2026-10-08T13:39:25Z'}]
PASS a tidy share comes in as it is: folders kept as subcategories, loose files grouped into one model :: (['Bag clip', 'Lamp', 'Spoon rest', 'hinge', 'latch'], ['Bag clip', 'Hinge and latch', 'Lamp', 'Spoon rest'], 4, ['Household › Bits and bobs', 'Household › Kitchen', 'Household › Kitchen › Gadgets', 'Household › Office'], '4 models moved in', [True, True, True, True, True], {'added': '2026-10-08T13:39:30Z', 'authors': [{'name': 'Jo'}], 'format': 1, 'id': 'm1a11bbd90dc4e955ddf', 'imported_from': '/home/runner/work/_temp/pagehome/NAS share/Home items/Kitchen/Spoon rest (Jo)', 'name': 'Spoon rest', 'path': ['Kitchen'], 'schema': 'household', 'updated': '2026-10-08T13:39:30Z'})
PASS folders added or moved outside the app show up by themselves; a moved model keeps its id :: ('Household/Office/Hand Moved', {'id': 'mhandmoved', 'name': 'Hand Moved', 'path': ['Office'], 'schema': 'household'})
PASS duplicates are found by their contents and an extra copy is set aside :: ('Bracket copy', 'Looked on 2026-10-08 13:39 through 22 models: 3 models have copies, 2 files are in more than one model, and about 2.2 KB could be saved.', True, 1, {'lamp.stl': {'modified': 1791466765792, 'quick': 'ccb45f2e66f97cb0ae83c8060aa5f098fe8afff068796c310c0f1d704066dd73', 'sha256': 'ccb45f2e66f97cb0ae83c8060aa5f098fe8afff068796c310c0f1d704066dd73', 'size': 1111}})
PASS setting aside is undone, or the copies deleted after asking (red) :: (True, True, True, "Recent changes\nSet aside 1 duplicate copy · 2026-10-08 13:39 · 1 model · copies deleted\nSet aside 1 duplicate copy · 2026-10-08 13:39 · 1 model · undone\nImported 4 models · 2026-10-08 13:39 · 4 models\nUndo\nEdited 2 models' details · 2026-10-08 13:39 · 2 models\nUndo\nDeleted the subcategory Ruins · 2026-10-08 13:39 · 1 model · undone\nEdited the category Wargames · 2026-10-08 13:39 · 10 models\nUndo")
PASS the details panel and the right-click menu have the same actions, in the same order :: (['Open', 'Edit details…', 'Move to category…', 'Star', 'Show in folder', 'More ▾'], ['Open', 'Edit details…', 'Move to category…', 'Star', 'Show in folder', 'Make a new preview', 'Copy folder path'], ['Make a new preview', 'Copy folder path'])
PASS keys select, edit, move, star and undo, and Starred counts its models :: ('p3e914bb038e2622', ['pa869acade5ac7d0'], '2 models selected', '5 models selected', 0, 'edit-name', 'Starred Benchy.', '1', ['m1a11bbd2a208ed74547'])
PASS the details panel doesn't show a model from another place :: 0
PASS filter chips come off again, and the theme button goes back to following the system :: ('author:"Jo Smith"', ['light', 'dark', 'night', 'system'])
PASS a category's menu is on the sidebar too, and Delete category is red :: (['Add subcategory…', 'Edit category…', 'Delete category…'], True)
PASS files without viewers show the fallback and their external-open menu; model actions remain :: ('true', 'settings.ini\nINI 1 B\n\nThere is no built-in viewer for this kind of file.\n\nOpen in its own app', ['Open in its own app', 'Show in folder'], ['Edit details…', 'Move to category…', 'Star', 'Show in folder', 'More ▾'])
PASS Import has the same right-click menu, keys and Undo, and messages don't cover its footer :: (['Edit details', 'Set category…', 'Show in folder', 'Split into models', 'Skip'], '2 models selected', 0, '\tWidget \nSTL\n\tMore\t1\t1.0 KB\t→ Household', True)
PASS Move to category shows the folders that move, and Undo in its message puts them back :: ('1 model folder moves. It can be undone.\n\nUnsorted/Dropped In → Household/Shelf/Dropped In', 'Move 1 model', 'Moved Dropped In to Household › Shelf.', True, True)
PASS Edit details is undone with Ctrl+Z :: Hand Made Two
PASS an import is undone from its results: the files go back and the workspace has them again :: (True, True, '\tGadget \nSTL\n\tUndo me\t1\t1.0 KB\t→ Household › Bits and bobs')
PASS Home undoes an older change to details while newer changes leave that model alone :: ([["Edited Knight Armour's details · 2026-10-08 13:39 · 1 model", True], ["Edited Benchy's details · 2026-10-08 13:39 · 1 model", True], ['Imported Gadget · 2026-10-08 13:39 · 1 model · undone', False], ["Edited Hand Made Two's details · 2026-10-08 13:39 · 1 model · undone", False]], [])
PASS Read again runs as a job and says what it read :: 21 models, read in 0.0 s.
PASS every page starts with the same header :: ['My Models', 'All models', 'Household', 'Knight Armour', 'Import', 'Duplicates', 'Settings']
PASS one view switcher and one sort menu, and the list's headers sort :: ([['grid', True, 'Grid', 'Grid'], ['list', True, 'List', 'List']], ['Name', 'Recently added', 'Largest first'], ['46 KB', '2.3 KB', '2.2 KB', '1.2 KB'], ['armour set', 'bag clip', 'benchy', 'benchy'])
PASS a search carried into another place says so and clears there :: ('Searching for knight · 0 found in Household\nSearch all models\nClear', 'Nothing in Household matches that search.')
PASS the details panel is changed in place with Undo; it sums up the place, and what several share :: ('5 models · 49 KB', 'Saved the authors of Knight Armour.', [{'name': 'Ann Smith'}, {'name': 'Bo Lee'}], [], 'Authors\nNone\nTags\nDifferent\nCategory\nUnsorted')
PASS Home has recently added models, what's waiting and the Library menu; the layout is in Settings :: (6, ['Show in folder', 'Read again', 'Make missing previews', 'Open another library…'], 'Waiting to be sorted\n\n5 models are in Unsorted: select them there and choose Move to category… to give them a place.')
PASS Duplicates and Import show the same details panel, and Import the same view switcher :: ('benchy', ['Open', 'Edit details…', 'Move to category…', 'Star', 'Show in folder', 'More ▾'], '1 model: 1 with no category, 0 ready to import.', True, [True, True, True, True])
PASS file types are easy to tell apart on Import: a coloured tag per type, folders marked :: ([['3mf', 'ft ft-3mf'], ['zip', 'ft ft-archive']], ['stl'], ['txt'], 1, ['color(srgb 0.888863 0.920471 0.989804)', 'color(srgb 0.881216 0.953098 0.907726)', 'color(srgb 0.989294 0.914863 0.876118)'], ['3mf', 'zip'])
PASS every folder at a level can be made a model, with Undo :: (['Arms', 'Body', 'Head', 'Legs', 'Torso', 'Wings'], 'Make every folder at this level a model (3)', 'Made 3 folders into models.', ['Dragon', 'Knight', 'Robot'], ['Arms', 'Body', 'Head', 'Legs', 'Torso', 'Wings'])
PASS a folder above a model can be chosen as the model :: (['Makers', 'Ann', '2024-02', 'Dragon'], ['Arms', 'Body', 'Dragon', 'Legs', 'Torso'])
PASS files dropped on a category page are added there as a model after asking, and Undo puts them back :: ('Drop to add it to Household › Kitchen or sort it', 'Lamp (folder)', ['Add to Household › Kitchen as a modelMoves it into the library; Undo puts it back', 'Copy to Household › Kitchen insteadThe originals stay where they are', 'Sort it on Import…Choose which folders are models first'], 'Moved Lamp into Household › Kitchen.', True, True)
PASS a dropped folder can be sorted on Import, and Import's own drop menu adds or sorts :: ('#/import', ['Add as a modelEach one is a model; give it a category here', "Sort what's in itChoose which folders are models"])
PASS model workspace selection contract works in the page :: {'separate': True, 'ranged': True, 'folders': True, 'archive': True, 'cleared': True, 'reset': True}
PASS model workspace has sidebar, resizable panel and stage; [ toggles collapse :: ({'sidebar': 0, 'panel': 237, 'stage': 537, 'width': 300}, 36, 300)
PASS file panel width and open state persist after reload :: (367, 367)
PASS file panel variants filter both file rows and viewing area :: ['d:', 'd:_media', 'd:Unsupported', 'd:Unsupported/Helmet']
PASS file selection is shared across panel rows and Esc clears it :: (2, 0)
PASS the narrow panel opens as a drawer and selecting a file closes it :: (True, True, True)
PASS Import stays separate from the model file panel
PASS model folder contents show child folders first and files as tiles :: ['d:_media', 'd:FDM', 'd:Presupported', 'd:Resin 32mm', 'd:Unsupported', 'f:extras.zip', 'f:photo.png', 'f:README.md', 'f:settings.ini']
PASS folder children sort by largest first and show breadcrumb :: (['d:Presupported/Helmet', 'd:Presupported/Arms'], ['Knight Armour', 'Presupported'])
PASS list headings and Backspace navigate to the parent folder :: Presupported/Arms/arm.stl
PASS ZIP entries display as folders, and STL entries open without extraction :: extras.zip › Extras/shield.stl
PASS selection opens picture and document viewers without tabs
PASS the library is renamed :: Minis
PASS opening a folder of models adds only the app's folders :: ['Unsorted', 'Wargames', '_library']
PASS a library opened before opens from the list :: Minis
PASS the theme follows the setting and is kept :: ('night', 'night')
PASS a newer library opens read-only :: This library was made by a newer version of Model Library (library format 99; this version reads up to 1). It's open read-only: update the app to change it.
PASS the menu is a drawer in a narrow window :: (True, True)
PASS library opens the same after moving :: ('Minis', 'Minis')
10000 models in /home/runner/work/_temp/pagehome/Big
PASS 10000 models open in seconds and search in under 100 ms :: {'models': 10000, 'first_ms': 931, 'reopen_ms': 551, 'reopen_read': 0, 'search_us': 5026, 'search_hits': 635}
76 of 76 checks passed
